0 1 has taken a fork
1 1 has taken a fork
1 1 is eating
1 5 has taken a fork
1 5 has taken a fork
1 5 is eating
1 3 has taken a fork
1 3 has taken a fork
1 3 is eating
1 7 has taken a fork
1 7 has taken a fork
1 7 is eating
1 9 has taken a fork
1 9 has taken a fork
1 9 is eating
1 11 has taken a fork
1 11 has taken a fork
1 11 is eating
1 13 has taken a fork
1 13 has taken a fork
1 13 is eating
1 15 has taken a fork
1 15 has taken a fork
1 15 is eating
1 17 has taken a fork
1 17 has taken a fork
1 17 is eating
2 19 has taken a fork
2 19 has taken a fork
2 19 is eating
2 21 has taken a fork
2 21 has taken a fork
2 21 is eating
2 23 has taken a fork
2 23 has taken a fork
2 23 is eating
2 25 has taken a fork
2 25 has taken a fork
2 25 is eating
2 27 has taken a fork
2 27 has taken a fork
2 27 is eating
2 29 has taken a fork
2 29 has taken a fork
2 29 is eating
2 31 has taken a fork
2 31 has taken a fork
2 31 is eating
2 33 has taken a fork
2 33 has taken a fork
2 33 is eating
2 35 has taken a fork
2 35 has taken a fork
2 35 is eating
2 37 has taken a fork
2 37 has taken a fork
2 37 is eating
3 39 has taken a fork
3 39 has taken a fork
3 39 is eating
3 41 has taken a fork
3 41 has taken a fork
3 41 is eating
3 43 has taken a fork
3 43 has taken a fork
3 43 is eating
3 45 has taken a fork
3 45 has taken a fork
3 45 is eating
3 47 has taken a fork
3 47 has taken a fork
3 47 is eating
3 49 has taken a fork
3 49 has taken a fork
3 49 is eating
3 51 has taken a fork
3 51 has taken a fork
3 51 is eating
3 53 has taken a fork
3 53 has taken a fork
3 53 is eating
3 55 has taken a fork
3 55 has taken a fork
3 55 is eating
3 57 has taken a fork
3 57 has taken a fork
3 57 is eating
4 59 has taken a fork
4 59 has taken a fork
4 59 is eating
4 61 has taken a fork
4 61 has taken a fork
4 61 is eating
4 63 has taken a fork
4 63 has taken a fork
4 63 is eating
4 65 has taken a fork
4 65 has taken a fork
4 65 is eating
4 67 has taken a fork
4 67 has taken a fork
4 67 is eating
4 69 has taken a fork
4 69 has taken a fork
4 69 is eating
4 71 has taken a fork
4 71 has taken a fork
4 71 is eating
4 73 has taken a fork
4 73 has taken a fork
4 73 is eating
4 75 has taken a fork
4 75 has taken a fork
4 75 is eating
4 77 has taken a fork
4 77 has taken a fork
4 77 is eating
4 79 has taken a fork
4 79 has taken a fork
4 79 is eating
5 81 has taken a fork
5 81 has taken a fork
5 81 is eating
5 83 has taken a fork
5 83 has taken a fork
5 83 is eating
5 87 has taken a fork
5 87 has taken a fork
5 87 is eating
5 89 has taken a fork
5 89 has taken a fork
5 89 is eating
5 85 has taken a fork
5 85 has taken a fork
5 85 is eating
5 91 has taken a fork
5 91 has taken a fork
5 91 is eating
6 93 has taken a fork
6 93 has taken a fork
6 93 is eating
6 95 has taken a fork
6 95 has taken a fork
6 95 is eating
6 97 has taken a fork
6 97 has taken a fork
6 97 is eating
6 99 has taken a fork
6 99 has taken a fork
6 99 is eating
6 101 has taken a fork
6 101 has taken a fork
6 101 is eating
6 103 has taken a fork
6 103 has taken a fork
6 103 is eating
7 107 has taken a fork
7 107 has taken a fork
7 107 is eating
7 105 has taken a fork
7 105 has taken a fork
7 105 is eating
7 109 has taken a fork
7 109 has taken a fork
7 109 is eating
7 111 has taken a fork
7 111 has taken a fork
7 111 is eating
7 113 has taken a fork
7 113 has taken a fork
7 113 is eating
8 117 has taken a fork
8 117 has taken a fork
8 117 is eating
8 115 has taken a fork
8 115 has taken a fork
8 115 is eating
8 119 has taken a fork
8 119 has taken a fork
8 119 is eating
8 121 has taken a fork
8 121 has taken a fork
8 121 is eating
8 123 has taken a fork
8 123 has taken a fork
8 123 is eating
8 125 has taken a fork
9 127 has taken a fork
9 127 has taken a fork
9 127 is eating
9 125 has taken a fork
9 125 is eating
9 129 has taken a fork
9 129 has taken a fork
9 129 is eating
9 131 has taken a fork
9 131 has taken a fork
9 131 is eating
9 133 has taken a fork
9 133 has taken a fork
9 133 is eating
9 135 has taken a fork
9 135 has taken a fork
9 135 is eating
10 137 has taken a fork
10 137 has taken a fork
10 137 is eating
10 139 has taken a fork
10 139 has taken a fork
10 139 is eating
10 141 has taken a fork
10 143 has taken a fork
10 143 has taken a fork
10 143 is eating
11 145 has taken a fork
11 145 has taken a fork
11 145 is eating
11 147 has taken a fork
11 147 has taken a fork
11 147 is eating
11 149 has taken a fork
11 149 has taken a fork
11 149 is eating
11 151 has taken a fork
11 151 has taken a fork
11 151 is eating
11 153 has taken a fork
11 153 has taken a fork
11 153 is eating
12 155 has taken a fork
12 155 has taken a fork
12 155 is eating
12 157 has taken a fork
12 157 has taken a fork
12 157 is eating
12 141 has taken a fork
12 141 is eating
13 159 has taken a fork
13 159 has taken a fork
13 159 is eating
13 161 has taken a fork
13 161 has taken a fork
13 161 is eating
13 163 has taken a fork
13 163 has taken a fork
13 163 is eating
13 165 has taken a fork
13 165 has taken a fork
13 165 is eating
13 167 has taken a fork
13 167 has taken a fork
13 167 is eating
13 169 has taken a fork
13 169 has taken a fork
13 171 has taken a fork
13 171 has taken a fork
13 171 is eating
14 169 is eating
14 173 has taken a fork
14 173 has taken a fork
14 173 is eating
14 175 has taken a fork
14 175 has taken a fork
14 175 is eating
14 177 has taken a fork
14 177 has taken a fork
14 177 is eating
15 179 has taken a fork
15 179 has taken a fork
15 179 is eating
15 181 has taken a fork
15 181 has taken a fork
15 181 is eating
15 183 has taken a fork
15 183 has taken a fork
15 183 is eating
15 185 has taken a fork
15 185 has taken a fork
15 185 is eating
15 187 has taken a fork
15 187 has taken a fork
15 187 is eating
15 189 has taken a fork
15 189 has taken a fork
15 189 is eating
15 191 has taken a fork
15 191 has taken a fork
15 191 is eating
16 193 has taken a fork
16 193 has taken a fork
16 193 is eating
16 195 has taken a fork
16 195 has taken a fork
16 195 is eating
16 197 has taken a fork
16 197 has taken a fork
16 197 is eating
16 199 has taken a fork
16 199 has taken a fork
16 199 is eating
201 11 is sleeping
201 17 is sleeping
201 15 is sleeping
201 14 has taken a fork
201 5 is sleeping
201 4 has taken a fork
201 9 is sleeping
201 8 has taken a fork
201 3 is sleeping
201 2 has taken a fork
201 13 is sleeping
201 14 has taken a fork
201 14 is eating
201 12 has taken a fork
201 12 has taken a fork
201 12 is eating
201 8 has taken a fork
201 8 is eating
201 6 has taken a fork
201 6 has taken a fork
201 6 is eating
201 1 is sleeping
201 10 has taken a fork
201 10 has taken a fork
201 10 is eating
201 7 is sleeping
201 4 has taken a fork
201 4 is eating
201 2 has taken a fork
201 2 is eating
201 200 has taken a fork
201 16 has taken a fork
201 16 has taken a fork
201 16 is eating
202 27 is sleeping
202 26 has taken a fork
202 31 is sleeping
202 19 is sleeping
202 23 is sleeping
202 35 is sleeping
202 21 is sleeping
202 30 has taken a fork
202 24 has taken a fork
202 24 has taken a fork
202 24 is eating
202 25 is sleeping
202 37 is sleeping
202 29 is sleeping
202 33 is sleeping
202 26 has taken a fork
202 26 is eating
202 30 has taken a fork
202 30 is eating
202 18 has taken a fork
202 18 has taken a fork
202 32 has taken a fork
202 32 has taken a fork
202 18 is eating
202 32 is eating
202 22 has taken a fork
202 22 has taken a fork
202 22 is eating
202 34 has taken a fork
202 34 has taken a fork
202 34 is eating
202 20 has taken a fork
202 20 has taken a fork
202 20 is eating
202 36 has taken a fork
202 36 has taken a fork
202 36 is eating
202 28 has taken a fork
202 28 has taken a fork
202 28 is eating
203 55 is sleeping
203 49 is sleeping
203 39 is sleeping
203 44 has taken a fork
203 44 has taken a fork
203 44 is eating
203 48 has taken a fork
203 48 has taken a fork
203 48 is eating
203 54 has taken a fork
203 54 has taken a fork
203 54 is eating
203 52 has taken a fork
203 52 has taken a fork
203 52 is eating
203 43 is sleeping
204 56 has taken a fork
204 56 has taken a fork
204 56 is eating
204 42 has taken a fork
204 42 has taken a fork
204 42 is eating
204 57 is sleeping
204 40 has taken a fork
204 76 has taken a fork
204 53 is sleeping
204 40 has taken a fork
204 40 is eating
204 67 is sleeping
204 66 has taken a fork
204 73 is sleeping
204 72 has taken a fork
204 45 is sleeping
204 69 is sleeping
204 47 is sleeping
204 68 has taken a fork
204 68 has taken a fork
204 68 is eating
205 46 has taken a fork
205 46 has taken a fork
205 46 is eating
205 91 is sleeping
205 90 has taken a fork
205 38 has taken a fork
205 61 is sleeping
205 63 is sleeping
205 50 has taken a fork
205 60 has taken a fork
205 87 is sleeping
205 38 has taken a fork
205 38 is eating
205 50 has taken a fork
205 50 is eating
205 86 has taken a fork
205 62 has taken a fork
205 62 has taken a fork
205 85 is sleeping
205 62 is eating
205 84 has taken a fork
205 66 has taken a fork
205 66 is eating
205 65 is sleeping
205 71 is sleeping
205 86 has taken a fork
205 86 is eating
205 79 is sleeping
205 51 is sleeping
205 78 has taken a fork
205 78 has taken a fork
205 78 is eating
205 70 has taken a fork
205 70 has taken a fork
205 64 has taken a fork
205 70 is eating
205 64 has taken a fork
205 64 is eating
206 41 is sleeping
206 97 is sleeping
206 81 is sleeping
206 80 has taken a fork
206 80 has taken a fork
206 80 is eating
206 72 has taken a fork
206 72 is eating
206 75 is sleeping
206 89 is sleeping
206 95 is sleeping
206 76 has taken a fork
206 76 is eating
206 99 is sleeping
206 83 is sleeping
206 96 has taken a fork
206 96 has taken a fork
206 96 is eating
206 98 has taken a fork
206 98 has taken a fork
206 98 is eating
206 77 is sleeping
206 90 has taken a fork
206 90 is eating
206 74 has taken a fork
206 74 has taken a fork
206 74 is eating
206 101 is sleeping
206 94 has taken a fork
206 88 has taken a fork
206 88 has taken a fork
206 88 is eating
206 84 has taken a fork
206 84 is eating
206 103 is sleeping
206 100 has taken a fork
206 100 has taken a fork
206 100 is eating
206 102 has taken a fork
206 102 has taken a fork
206 102 is eating
207 109 is sleeping
207 82 has taken a fork
207 108 has taken a fork
207 82 has taken a fork
207 82 is eating
207 105 is sleeping
207 113 is sleeping
207 104 has taken a fork
207 104 has taken a fork
207 111 is sleeping
207 104 is eating
207 93 is sleeping
207 110 has taken a fork
207 110 has taken a fork
207 110 is eating
207 106 has taken a fork
207 106 has taken a fork
207 106 is eating
207 92 has taken a fork
207 92 has taken a fork
207 92 is eating
207 59 is sleeping
207 60 has taken a fork
208 60 is eating
208 107 is sleeping
208 121 is sleeping
208 120 has taken a fork
208 122 has taken a fork
208 122 has taken a fork
208 122 is eating
208 119 is sleeping
208 118 has taken a fork
208 118 has taken a fork
208 115 is sleeping
208 58 has taken a fork
208 58 has taken a fork
208 58 is eating
208 120 has taken a fork
208 120 is eating
208 112 has taken a fork
208 112 has taken a fork
208 112 is eating
208 114 has taken a fork
208 114 has taken a fork
208 114 is eating
209 131 is sleeping
209 117 is sleeping
209 116 has taken a fork
209 116 has taken a fork
209 116 is eating
209 123 is sleeping
209 108 has taken a fork
209 108 is eating
209 129 is sleeping
209 128 has taken a fork
210 139 is sleeping
210 133 is sleeping
210 127 is sleeping
210 125 is sleeping
210 143 is sleeping
210 94 has taken a fork
210 94 is eating
210 132 has taken a fork
210 132 has taken a fork
210 132 is eating
210 124 has taken a fork
210 124 has taken a fork
210 124 is eating
210 135 is sleeping
210 138 has taken a fork
210 126 has taken a fork
210 126 has taken a fork
210 126 is eating
210 137 is sleeping
210 138 has taken a fork
210 138 is eating
210 130 has taken a fork
210 130 has taken a fork
210 130 is eating
210 118 is eating
211 151 is sleeping
211 145 is sleeping
211 134 has taken a fork
211 134 has taken a fork
211 134 is eating
211 136 has taken a fork
211 136 has taken a fork
211 136 is eating
211 142 has taken a fork
211 149 is sleeping
211 147 is sleeping
211 153 is sleeping
212 146 has taken a fork
212 155 is sleeping
212 146 has taken a fork
212 146 is eating
212 150 has taken a fork
212 150 has taken a fork
212 150 is eating
212 157 is sleeping
212 144 has taken a fork
212 144 has taken a fork
212 144 is eating
212 152 has taken a fork
212 152 has taken a fork
212 152 is eating
212 128 has taken a fork
212 128 is eating
212 154 has taken a fork
212 154 has taken a fork
212 154 is eating
212 156 has taken a fork
212 156 has taken a fork
212 156 is eating
212 141 is sleeping
213 142 has taken a fork
213 142 is eating
213 165 is sleeping
213 163 is sleeping
213 171 is sleeping
213 140 has taken a fork
213 140 has taken a fork
213 140 is eating
213 159 is sleeping
213 162 has taken a fork
213 148 has taken a fork
213 167 is sleeping
214 175 is sleeping
214 173 is sleeping
214 166 has taken a fork
214 166 has taken a fork
214 166 is eating
214 169 is sleeping
214 161 is sleeping
214 174 has taken a fork
214 174 has taken a fork
214 174 is eating
214 162 has taken a fork
214 162 is eating
214 168 has taken a fork
214 168 has taken a fork
214 168 is eating
214 160 has taken a fork
214 160 has taken a fork
214 160 is eating
215 177 is sleeping
215 158 has taken a fork
215 158 has taken a fork
215 158 is eating
215 170 has taken a fork
215 170 has taken a fork
215 170 is eating
215 164 has taken a fork
215 164 has taken a fork
215 164 is eating
215 176 has taken a fork
215 176 has taken a fork
215 186 has taken a fork
215 186 has taken a fork
215 176 is eating
215 186 is eating
215 185 is sleeping
215 178 has taken a fork
215 178 has taken a fork
215 178 is eating
215 187 is sleeping
215 183 is sleeping
215 181 is sleeping
216 193 is sleeping
216 199 is sleeping
216 188 has taken a fork
216 188 has taken a fork
216 188 is eating
216 184 has taken a fork
216 184 has taken a fork
216 184 is eating
216 180 has taken a fork
216 179 is sleeping
216 180 has taken a fork
216 180 is eating
217 172 has taken a fork
217 172 has taken a fork
217 172 is eating
217 190 has taken a fork
217 190 has taken a fork
217 190 is eating
217 182 has taken a fork
217 182 has taken a fork
217 182 is eating
217 189 is sleeping
217 197 is sleeping
218 195 is sleeping
218 196 has taken a fork
218 196 has taken a fork
218 196 is eating
218 148 has taken a fork
218 148 is eating
218 191 is sleeping
218 200 has taken a fork
218 200 is eating
218 194 has taken a fork
218 194 has taken a fork
218 194 is eating
219 192 has taken a fork
219 192 has taken a fork
219 192 is eating
219 198 has taken a fork
220 198 has taken a fork
220 198 is eating
401 13 is thinking
401 1 is thinking
401 7 is thinking
401 2 is sleeping
401 3 is thinking
401 3 has taken a fork
401 9 is thinking
401 11 is thinking
401 12 is sleeping
401 13 has taken a fork
401 17 is thinking
401 10 is sleeping
401 8 is sleeping
401 9 has taken a fork
401 9 has taken a fork
401 9 is eating
401 11 has taken a fork
401 11 has taken a fork
401 11 is eating
401 5 is thinking
401 17 has taken a fork
402 15 is thinking
402 15 has taken a fork
402 15 has taken a fork
402 15 is eating
402 6 is sleeping
402 7 has taken a fork
402 7 has taken a fork
402 7 is eating
402 22 is sleeping
402 18 is sleeping
402 17 has taken a fork
402 17 is eating
402 32 is sleeping
402 14 is sleeping
402 28 is sleeping
403 52 is sleeping
403 44 is sleeping
403 16 is sleeping
403 39 is thinking
403 27 is thinking
403 27 has taken a fork
403 27 has taken a fork
403 27 is eating
403 24 is sleeping
403 35 is thinking
403 35 has taken a fork
403 35 has taken a fork
403 35 is eating
403 21 is thinking
403 21 has taken a fork
403 21 has taken a fork
403 21 is eating
403 19 is thinking
403 19 has taken a fork
403 19 has taken a fork
403 19 is eating
403 23 is thinking
403 23 has taken a fork
403 23 has taken a fork
403 23 is eating
403 48 is sleeping
403 31 is thinking
403 5 has taken a fork
403 5 has taken a fork
403 5 is eating
403 4 is sleeping
403 55 is thinking
403 37 is thinking
403 20 is sleeping
403 30 is sleeping
403 31 has taken a fork
403 31 has taken a fork
403 31 is eating
403 37 has taken a fork
404 56 is sleeping
404 73 is thinking
404 68 is sleeping
404 42 is sleeping
404 29 is thinking
404 29 has taken a fork
404 29 has taken a fork
404 29 is eating
404 43 is thinking
404 43 has taken a fork
404 43 has taken a fork
404 43 is eating
404 49 is thinking
404 49 has taken a fork
405 36 is sleeping
405 33 is thinking
405 33 has taken a fork
405 33 has taken a fork
405 33 is eating
405 50 is sleeping
405 49 has taken a fork
405 49 is eating
405 25 is thinking
405 25 has taken a fork
405 25 has taken a fork
405 25 is eating
405 51 is thinking
405 51 has taken a fork
405 51 has taken a fork
405 51 is eating
405 3 has taken a fork
405 3 is eating
405 13 has taken a fork
405 13 is eating
405 64 is sleeping
406 69 is thinking
406 69 has taken a fork
406 40 is sleeping
406 88 is sleeping
406 83 is thinking
406 102 is sleeping
406 90 is sleeping
406 26 is sleeping
406 63 is thinking
406 97 is thinking
406 34 is sleeping
406 77 is thinking
406 38 is sleeping
406 47 is thinking
406 71 is thinking
406 95 is thinking
406 39 has taken a fork
406 39 has taken a fork
406 39 is eating
406 65 is thinking
406 65 has taken a fork
406 67 is thinking
406 81 is thinking
406 37 has taken a fork
406 37 is eating
406 91 is thinking
406 91 has taken a fork
406 87 is thinking
406 57 is thinking
406 57 has taken a fork
406 53 is thinking
406 53 has taken a fork
406 53 has taken a fork
406 53 is eating
406 78 is sleeping
406 69 has taken a fork
406 69 is eating
406 65 has taken a fork
406 65 is eating
406 41 is thinking
406 41 has taken a fork
406 41 has taken a fork
406 41 is eating
406 67 has taken a fork
406 67 has taken a fork
406 67 is eating
406 66 is sleeping
407 113 is thinking
407 96 is sleeping
407 97 has taken a fork
407 80 is sleeping
407 75 is thinking
407 74 is sleeping
407 76 is sleeping
407 106 is sleeping
407 54 is sleeping
407 98 is sleeping
407 97 has taken a fork
407 97 is eating
407 109 is thinking
407 81 has taken a fork
407 92 is sleeping
407 86 is sleeping
407 87 has taken a fork
407 87 has taken a fork
407 87 is eating
407 91 has taken a fork
407 91 is eating
407 84 is sleeping
407 45 is thinking
407 100 is sleeping
407 45 has taken a fork
407 89 is thinking
407 89 has taken a fork
407 89 has taken a fork
407 89 is eating
407 103 is thinking
407 103 has taken a fork
407 75 has taken a fork
407 75 has taken a fork
407 75 is eating
407 85 is thinking
407 85 has taken a fork
407 85 has taken a fork
407 85 is eating
407 99 is thinking
407 99 has taken a fork
407 99 has taken a fork
407 99 is eating
407 55 has taken a fork
407 55 has taken a fork
407 55 is eating
407 105 is thinking
408 61 is thinking
408 107 is thinking
408 107 has taken a fork
408 70 is sleeping
408 82 is sleeping
408 58 is sleeping
408 60 is sleeping
408 61 has taken a fork
408 61 has taken a fork
408 61 is eating
408 114 is sleeping
408 101 is thinking
408 62 is sleeping
408 122 is sleeping
408 81 has taken a fork
408 81 is eating
408 112 is sleeping
408 72 is sleeping
408 119 is thinking
408 83 has taken a fork
408 83 has taken a fork
408 83 is eating
408 121 is thinking
408 71 has taken a fork
408 71 has taken a fork
408 71 is eating
408 59 is thinking
408 59 has taken a fork
408 59 has taken a fork
408 59 is eating
408 63 has taken a fork
408 115 is thinking
408 115 has taken a fork
408 120 is sleeping
408 121 has taken a fork
408 121 has taken a fork
408 121 is eating
408 73 has taken a fork
408 73 has taken a fork
408 73 is eating
408 47 has taken a fork
408 47 has taken a fork
408 47 is eating
408 57 has taken a fork
408 57 is eating
408 45 has taken a fork
408 45 is eating
408 113 has taken a fork
408 113 has taken a fork
408 113 is eating
408 46 is sleeping
408 77 has taken a fork
408 77 has taken a fork
408 77 is eating
408 103 has taken a fork
408 103 is eating
408 105 has taken a fork
408 105 has taken a fork
408 105 is eating
409 104 is sleeping
409 129 is thinking
409 101 has taken a fork
409 101 has taken a fork
409 101 is eating
409 123 is thinking
409 123 has taken a fork
409 79 is thinking
409 79 has taken a fork
409 79 has taken a fork
409 79 is eating
409 63 has taken a fork
409 63 is eating
409 117 is thinking
409 131 is thinking
409 107 has taken a fork
409 107 is eating
409 116 is sleeping
409 115 has taken a fork
409 110 is sleeping
409 111 is thinking
409 111 has taken a fork
409 111 has taken a fork
409 111 is eating
410 93 is thinking
410 93 has taken a fork
410 117 has taken a fork
410 109 has taken a fork
410 109 has taken a fork
410 109 is eating
410 108 is sleeping
410 125 is thinking
410 124 is sleeping
410 123 has taken a fork
410 123 is eating
410 125 has taken a fork
410 118 is sleeping
410 132 is sleeping
410 133 is thinking
410 133 has taken a fork
410 127 is thinking
410 117 has taken a fork
410 117 is eating
410 119 has taken a fork
410 119 has taken a fork
410 119 is eating
410 137 is thinking
410 135 is thinking
410 143 is thinking
410 139 is thinking
410 126 is sleeping
410 127 has taken a fork
410 125 has taken a fork
410 125 is eating
411 153 is thinking
411 136 is sleeping
411 149 is thinking
411 145 is thinking
411 94 is sleeping
411 137 has taken a fork
411 151 is thinking
411 95 has taken a fork
411 95 has taken a fork
411 95 is eating
411 115 is eating
411 93 has taken a fork
411 93 is eating
411 134 is sleeping
411 147 is thinking
411 135 has taken a fork
411 135 has taken a fork
411 135 is eating
411 138 is sleeping
411 137 has taken a fork
411 137 is eating
411 139 has taken a fork
412 150 is sleeping
412 151 has taken a fork
412 157 is thinking
412 133 has taken a fork
412 133 is eating
412 130 is sleeping
412 141 is thinking
412 128 is sleeping
412 156 is sleeping
412 157 has taken a fork
412 155 is thinking
412 144 is sleeping
412 145 has taken a fork
413 140 is sleeping
413 145 has taken a fork
413 145 is eating
413 165 is thinking
413 142 is sleeping
413 141 has taken a fork
413 141 has taken a fork
413 141 is eating
413 143 has taken a fork
413 143 has taken a fork
413 143 is eating
413 139 has taken a fork
413 139 is eating
413 146 is sleeping
413 129 has taken a fork
413 129 has taken a fork
413 129 is eating
413 152 is sleeping
413 163 is thinking
413 153 has taken a fork
413 151 has taken a fork
413 151 is eating
413 171 is thinking
413 159 is thinking
413 154 is sleeping
413 127 has taken a fork
413 127 is eating
413 153 has taken a fork
413 153 is eating
414 168 is sleeping
414 131 has taken a fork
414 131 has taken a fork
414 131 is eating
414 147 has taken a fork
414 174 is sleeping
414 160 is sleeping
414 167 is thinking
414 166 is sleeping
414 167 has taken a fork
414 167 has taken a fork
414 167 is eating
414 155 has taken a fork
414 155 has taken a fork
414 155 is eating
414 162 is sleeping
414 175 is thinking
414 175 has taken a fork
414 163 has taken a fork
414 1 is died
